// Rstest Snapshot v1

exports[`should run arethetypeswrong as expected 1`] = `
[
  "[arethetypeswrong] test-build-tools v0.0.0

Build tools:
- typescript@*
- webpack@*
- @rspack/cli@*

 No problems found 🌟
┌───────────────────┬────────────────────┐
│                   │ "test-build-tools" │
├───────────────────┼────────────────────┤
│ node10            │ 🟢                 │
├───────────────────┼────────────────────┤
│ node16 (from CJS) │ 🟢 (CJS)           │
├───────────────────┼────────────────────┤
│ node16 (from ESM) │ 🟢 (CJS)           │
├───────────────────┼────────────────────┤
│ bundler           │ 🟢                 │
└───────────────────┴────────────────────┘",
]
`;

exports[`should run arethetypeswrong without emoji 1`] = `
[
  "[arethetypeswrong] test-build-tools v0.0.0

Build tools:
- typescript@*
- webpack@*
- @rspack/cli@*

 No problems found
┌───────────────────┬────────────────────┐
│                   │ "test-build-tools" │
├───────────────────┼────────────────────┤
│ node10            │ OK                 │
├───────────────────┼────────────────────┤
│ node16 (from CJS) │ OK (CJS)           │
├───────────────────┼────────────────────┤
│ node16 (from ESM) │ OK (CJS)           │
├───────────────────┼────────────────────┤
│ bundler           │ OK                 │
└───────────────────┴────────────────────┘",
]
`;

exports[`should run arethetypeswrong without summary 1`] = `
[
  "[arethetypeswrong] test-build-tools v0.0.0

Build tools:
- typescript@*
- webpack@*
- @rspack/cli@*

┌───────────────────┬────────────────────┐
│                   │ "test-build-tools" │
├───────────────────┼────────────────────┤
│ node10            │ OK                 │
├───────────────────┼────────────────────┤
│ node16 (from CJS) │ OK (CJS)           │
├───────────────────┼────────────────────┤
│ node16 (from ESM) │ OK (CJS)           │
├───────────────────┼────────────────────┤
│ bundler           │ OK                 │
└───────────────────┴────────────────────┘",
]
`;
